// Jest Snapshot v1, https://goo.gl/fbAQLP

exports[`should render ExpenseSummary 1`] = `
<div>
  <h4>
    Viewing 
    0 expenses 
    totalling 
    $0.00
  </h4>
</div>
`;
